// Jest Snapshot v1, https://goo.gl/fbAQLP

exports[`Check snapshot of the component should take a snapshot 1`] = `
<DocumentFragment>
  <div>
    <nav
      data-testid="navbar"
    >
      <a
        data-testid="home-link"
        href="/"
      >
        Home
      </a>
      <a
        data-testid="state-link"
        href="/state"
      >
        State
      </a>
      <a
        data-testid="redux-link"
        href="/redux"
      >
        Redux
      </a>
    </nav>
    <div
      data-testid="home"
    >
      Home page
    </div>
  </div>
</DocumentFragment>
`;
